...                                                                      [100%]
3 passed in 0.03s
